make.exe all --print-data-base --no-builtin-variables --no-builtin-rules --question
# GNU Make 4.4.1
# Built for Windows32
# Copyright (C) 1988-2023 Free Software Foundation, Inc.
# License GPLv3+: GNU GPL version 3 or later <https://gnu.org/licenses/gpl.html>
# This is free software: you are free to change and redistribute it.
# There is NO WARRANTY, to the extent permitted by law.

# Make data base, printed on Fri Aug 21 17:55:28 2026

# Variables

# environment
SYSTEMDRIVE = C:
# environment
LC_ALL = C
# environment
MXC_BIN_DIR = c:\Users\Fungi\AppData\Local\Programs\Microsoft VS Code\110a328ea5\resources\app\node_modules.asar.unpacked\@microsoft\mxc-sdk\bin
# environment
USERPROFILE = C:\Users\Fungi
# environment
LOCALAPPDATA = C:\Users\Fungi\AppData\Local
# makefile (from 'Makefile', line 8)
SRC_DIR = src
# environment
VSCODE_CRASH_REPORTER_PROCESS_TYPE = extensionHost
# environment
VSCODE_CWD = C:\Users\Fungi\AppData\Local\Programs\Microsoft VS Code
# environment
SYSTEMROOT = C:\WINDOWS
# makefile (from 'Makefile', line 19)
LIBS = -L$(SRC_DIR) -lraylib -lopengl32 -lgdi32 -lwinmm -mwind 
ows
# environment
PROCESSOR_LEVEL = 6
# environment
PSMODULEPATH = C:\Program Files\WindowsPowerShell\Modules;C:\WINDOWS\system32\WindowsPowerShell\v1.0\Modules
# default
MAKE_COMMAND := make.exe
# automatic
@D = $(patsubst %/,%,$(patsubst %\,%,$(dir $@)))
# environment
CHROME_CRASHPAD_PIPE_NAME = \\.\pipe\crashpad_3012_BCRREMCEVYCUDEQI
# environment
VSCODE_HANDLES_UNCAUGHT_ERRORS = true
# default
.VARIABLES := 
# automatic
%D = $(patsubst %/,%,$(patsubst %\,%,$(dir $%)))
# automatic
^D = $(patsubst %/,%,$(patsubst %\,%,$(dir $^)))
# automatic
%F = $(notdir $%)
# environment
VSCODE_CODE_CACHE_PATH = C:\Users\Fungi\AppData\Roaming\Code\CachedData\110a328ea54b42367b803ec53ee0bf52ef26b419
# environment
LANG = C
# default
.LOADED := 
# environment
TMP = C:\Users\Fungi\AppData\Local\Temp
# default
.INCLUDE_DIRS := .
# environment
EFC_6916_4126798990 = 1
# environment
PROCESSOR_ARCHITEW6432 = AMD64
# makefile
MAKEFLAGS = pqrR
# environment
ONEDRIVE = C:\Users\Fungi\OneDrive
# environment
EFC_6916_1592913036 = 1
# makefile
CURDIR := c:/Users/Fungi/Documents/Nockrocks
# environment
APPLICATION_INSIGHTS_NO_DIAGNOSTIC_CHANNEL = true
# makefile (from 'Makefile', line 9)
SRCS = $(SRC_DIR)/launch.c $(SRC_DIR)/games.c $(SRC_DIR)/Home.c $(SRC_DIR)/banscreen.c $(SRC_DIR)/globals.c
# automatic
*D = $(patsubst %/,%,$(patsubst %\,%,$(dir $*)))
# environment
PROGRAMFILES = C:\Program Files (x86)
# environment
MFLAGS = -pqrR
# default
.SHELLFLAGS := -c
# environment
COMMONPROGRAMW6432 = C:\Program Files\Common Files
# environment
COPILOT_OTEL_FILE_EXPORTER_PATH = \\.\nul
# automatic
+D = $(patsubst %/,%,$(patsubst %\,%,$(dir $+)))
# makefile (from 'Makefile', line 1)
MAKEFILE_LIST := Makefile
# makefile (from 'Makefile', line 14)
RESOURCE_OBJ = $(BUILD_DIR)/icon.o
# automatic
@F = $(notdir $@)
# environment
VSCODE_PID = 3012
# automatic
?D = $(patsubst %/,%,$(patsubst %\,%,$(dir $?)))
# automatic
*F = $(notdir $*)
# automatic
<D = $(patsubst %/,%,$(patsubst %\,%,$(dir $<)))
# environment
VSCODE_NLS_CONFIG = {"userLocale":"en-us","osLocale":"en-gb","resolvedLanguage":"en","defaultMessagesFile":"C:\\Users\\Fungi\\AppData\\Local\\Programs\\Microsoft VS Code\\110a328ea5\\resources\\app\\out\\nls.messages.json","locale":"en-us","availableLanguages":{}}
# environment
ONEDRIVECONSUMER = C:\Users\Fungi\OneDrive
# default
MAKE_HOST := Windows32
# makefile (from 'Makefile', line 10)
OBJS = $(patsubst $(SRC_DIR)/%.c, $(BUILD_DIR)/%.o, $(SRCS))
# environment
PROGRAMDATA = C:\ProgramData
# default
SHELL := sh.exe
# environment
HOMEPATH = \Users\Fungi
# default
MAKECMDGOALS := all
# environment
DRIVERDATA = C:\Windows\System32\Drivers\DriverData
# environment
COMSPEC = C:\WINDOWS\system32\cmd.exe
# environment
WINDIR = C:\WINDOWS
# environment
MAKELEVEL := 0
# default
MAKE = $(MAKE_COMMAND)
# environment
PATH = C:\Program Files (x86)\Common Files\Oracle\Java\java8path;C:\Program Files (x86)\Common Files\Oracle\Java\javapath;C:\WINDOWS\system32;C:\WINDOWS;C:\WINDOWS\System32\Wbem;C:\WINDOWS\System32\WindowsPowerShell\v1.0\;C:\MinGW\bin;C:\WINDOWS\System32\OpenSSH\;C:\Program Files\Microsoft SQL Server\170\Tools\Binn\;C:\Program Files\Git\cmd;C:\Users\Fungi\.cargo\bin;C:\Users\Fungi\scoop\shims;C:\Users\Fungi\AppData\Local\Microsoft\WindowsApps;C:\Users\Fungi\AppData\Local\Programs\Microsoft VS Code\bin;C:\Users\Fungi\AppData\Local\Microsoft\WindowsApps;C:\Users\Fungi\AppData\Local\Microsoft\WinGet\Packages\ezwinports.make_Microsoft.Winget.Source_8wekyb3d8bbwe\bin;C:\Users\Fungi\AppData\Local\Microsoft\WinGet\Packages\BrechtSanders.WinLibs.POSIX.UCRT_Microsoft.Winget.Source_8wekyb3d8bbwe\mingw64\bin;C:\Program Files\LLVM\bin;C:\Users\Fungi\AppData\Local\bin\NASM;C:\Users\Fungi\Documents\DoorsOs\gdisk;C:\Users\Fungi\AppData\Local\Python\bin
# environment
COMPUTERNAME = DESKTOP-L8OIBV5
# default
MAKEFILES := 
# automatic
^F = $(notdir $^)
# environment
PROMPT = $P$G
# environment
APPLICATION_INSIGHTS_NO_STATSBEAT = true
# environment
LOGONSERVER = \\DESKTOP-L8OIBV5
# environment
USERNAME = Fungi
# environment
COMMONPROGRAMFILES = C:\Program Files (x86)\Common Files
# automatic
?F = $(notdir $?)
# environment
PROGRAMW6432 = C:\Program Files
# environment
PATHEXT = .COM;.EXE;.BAT;.CMD;.VBS;.VBE;.JS;.JSE;.WSF;.WSH;.MSC
# automatic
+F = $(notdir $+)
# environment
USERDOMAIN = DESKTOP-L8OIBV5
# 'override' directive
GNUMAKEFLAGS := 
# environment
OS = Windows_NT
# environment
__COMPAT_LAYER = DetectorsAppHealth
# makefile
.DEFAULT_GOAL := all
# default
MAKE_VERSION := 4.4.1
# environment
PROGRAMFILES(X86) = C:\Program Files (x86)
# environment
USERDOMAIN_ROAMINGPROFILE = DESKTOP-L8OIBV5
# environment
NUMBER_OF_PROCESSORS = 8
# environment
PUBLIC = C:\Users\Public
# environment
APPDATA = C:\Users\Fungi\AppData\Roaming
# makefile (from 'Makefile', line 20)
CFLAGS = -I$(SRC_DIR) -O2
# environment
HOMEDRIVE = C:
# environment
PROCESSOR_ARCHITECTURE = x86
# makefile (from 'Makefile', line 13)
ICON_FILE = logo.ico
# environment
VSCODE_DOTNET_INSTALL_TOOL_ORIGINAL_HOME = undefined
# makefile (from 'Makefile', line 5)
BUILD_DIR = Build
# environment
COMMONPROGRAMFILES(X86) = C:\Program Files (x86)\Common Files
# environment
ELECTRON_RUN_AS_NODE = 1
# environment
TEMP = C:\Users\Fungi\AppData\Local\Temp
# environment
VSCODE_IPC_HOOK = \\.\pipe\9a29d8e5-1.134.0-main-sock
# default
.RECIPEPREFIX := 
# automatic
<F = $(notdir $<)
# default
SUFFIXES := 
# environment
ALLUSERSPROFILE = C:\ProgramData
# makefile (from 'Makefile', line 16)
TARGET = $(BUILD_DIR)/Nockrocks.exe
# environment
SESSIONNAME = Console
# default
.FEATURES := target-specific order-only second-expansion else-if shortest-stem undefine oneshell nocomment grouped-target extra-prereqs notintermediate shell-export archives jobserver output-sync load dospaths
# environment
PROCESSOR_REVISION = 8e0a
# makefile (from 'Makefile', line 2)
CC = gcc
# environment
VSCODE_ESM_ENTRYPOINT = vs/workbench/api/node/extensionHostProcess
# environment
PROCESSOR_IDENTIFIER = Intel64 Family 6 Model 142 Stepping 10, GenuineIntel
# variable set hash-table stats:
# Load=105/1024=10%, Rehash=0, Collisions=15/156=10%

# Pattern-specific Variable Values

# No pattern-specific variable values.

# Directories

# src (key c:/Users/Fungi/Documents/Nockrocks/src, mtime 1786611383): No files, no impossibilities so far.
# . (key c:/Users/Fungi/Documents/Nockrocks, mtime 1787330856): 16 files, no impossibilities.

# 16 files, no impossibilities in 2 directories.

# Implicit Rules

Build/%.o: src/%.c
#  recipe to execute (from 'Makefile', line 40):
	@if not exist "$(BUILD_DIR)" mkdir "$(BUILD_DIR)"
	$(CC) $(CFLAGS) -c $< -o $@

# 1 implicit rules, 0 (0.0%) terminal.
# Files

# Not a target:
Build/launch.o:
#  Implicit rule search has not been done.
#  Modification time never checked.
#  File has not been updated.

# Not a target:
Makefile:
#  Implicit rule search has been done.
#  File is secondary (prerequisite of .SECONDARY).
#  Last modified 2026-08-21 17:55:20
#  File has been updated.
#  Successfully updated.

# Not a target:
logo.rc:
#  Implicit rule search has not been done.
#  Modification time never checked.
#  File has not been updated.

Build/Nockrocks.exe: Build/launch.o Build/games.o Build/Home.o Build/banscreen.o Build/globals.o Build/icon.o
#  Implicit rule search has not been done.
#  Modification time never checked.
#  File has not been updated.
#  recipe to execute (from 'Makefile', line 51):
	$(CC) $(OBJS) $(RESOURCE_OBJ) -o $(TARGET) $(LIBS)
	@if exist "$(SRC_DIR)\raylib.dll" copy "$(SRC_DIR)\raylib.dll" "$(BUILD_DIR)\"
	@if exist "Assets" xcopy /E /I /Y "Assets" "$(BUILD_DIR)\Assets"

# Not a target:
Build/Home.o:
#  Implicit rule search has not been done.
#  Modification time never checked.
#  File has not been updated.

clean:
#  Phony target (prerequisite of .PHONY).
#  Implicit rule search has not been done.
#  File does not exist.
#  File has not been updated.
#  recipe to execute (from 'Makefile', line 61):
	@if exist "$(BUILD_DIR)" rmdir /S /Q "$(BUILD_DIR)"

Build/icon.o: logo.rc logo.ico
#  Implicit rule search has not been done.
#  Modification time never checked.
#  File has not been updated.
#  recipe to execute (from 'Makefile', line 46):
	@if not exist "$(BUILD_DIR)" mkdir "$(BUILD_DIR)"
	windres logo.rc -O coff -o $(RESOURCE_OBJ)

# Not a target:
.DEFAULT:
#  Implicit rule search has not been done.
#  Modification time never checked.
#  File has not been updated.

all: git-commit build
#  Phony target (prerequisite of .PHONY).
#  Command line target.
#  Implicit rule search has not been done.
#  File does not exist.
#  File has been updated.
#  Needs to be updated (-q is set).
# variable set hash-table stats:
# Load=0/32=0%, Rehash=0, Collisions=0/3=0%

run: build
#  Phony target (prerequisite of .PHONY).
#  Implicit rule search has not been done.
#  File does not exist.
#  File has not been updated.
#  recipe to execute (from 'Makefile', line 57):
	$(TARGET)

build: Build/Nockrocks.exe
#  Phony target (prerequisite of .PHONY).
#  Implicit rule search has not been done.
#  File does not exist.
#  File has not been updated.

# Not a target:
Build/banscreen.o:
#  Implicit rule search has not been done.
#  Modification time never checked.
#  File has not been updated.

# Not a target:
logo.ico:
#  Implicit rule search has not been done.
#  Modification time never checked.
#  File has not been updated.

# Not a target:
Build/games.o:
#  Implicit rule search has not been done.
#  Modification time never checked.
#  File has not been updated.

# Not a target:
Build/globals.o:
#  Implicit rule search has not been done.
#  Modification time never checked.
#  File has not been updated.

# Not a target:
.SUFFIXES:
#  Implicit rule search has not been done.
#  Modification time never checked.
#  File has not been updated.

.PHONY: all build git-commit run clean
#  Implicit rule search has not been done.
#  Modification time never checked.
#  File has not been updated.

git-commit:
#  Phony target (prerequisite of .PHONY).
#  Implicit rule search has not been done.
#  Implicit/static pattern stem: ''
#  File does not exist.
#  File has been updated.
#  Needs to be updated (-q is set).
# automatic
# @ := git-commit
# automatic
# * := 
# automatic
# < := 
# automatic
# + := 
# automatic
# % := 
# automatic
# ^ := 
# automatic
# ? := 
# automatic
# | := 
# variable set hash-table stats:
# Load=8/32=25%, Rehash=0, Collisions=1/11=9%
#  recipe to execute (from 'Makefile', line 32):
	git config --global user.name "Fungi"
	git config --global user.email "bryanokellova@gmail.com"
	git add .
	git commit -m "Auto-commit and publish assets before build" || echo "No changes to commit"
	git push origin main || echo "Push failed or already up to date"

# files hash-table stats:
# Load=18/1024=2%, Rehash=0, Collisions=0/53=0%
# VPATH Search Paths

# No 'vpath' search paths.

# No general ('VPATH' variable) search path.

# strcache buffers: 1 (0) / strings = 33 / storage = 300 B / avg = 9 B
# current buf: size = 8174 B / used = 300 B / count = 33 / avg = 9 B

# strcache performance: lookups = 60 / hit rate = 45%
# hash-table stats:
# Load=33/8192=0%, Rehash=0, Collisions=0/60=0%
# Finished Make data base on Fri Aug 21 17:55:28 2026

 
